sasatakayuki@sasa-takayuki-MacBook-Pro git_challenge % git commit -m "入力内容を和訳"
[main (root-commit) e99b366] 入力内容を和訳
 1 file changed, 1 insertion(+)
 create mode 100644 hellow_world.txt

sasatakayuki@sasa-takayuki-MacBook-Pro git_challenge % git log
commit e99b366fdce99e43981638db5b536f6a885fd389 (HEAD -> main)
Author: sasa-takayuki <takayuki0sasa@gmail.com>
Date:   Wed May 1 11:31:12 2024 +0900

    入力内容を和訳
sasatakayuki@sasa-takayuki-MacBook-Pro git_challenge % git status
On branch main
Changes not staged for commit:
  (use "git add <file>..." to update what will be committed)
  (use "git restore <file>..." to discard changes in working directory)
        modified:   hellow_world.txt

no changes added to commit (use "git add" and/or "git commit -a")
sasatakayuki@sasa-takayuki-MacBook-Pro git_challenge % git diff hellow_world.txt
diff --git a/hellow_world.txt b/hellow_world.txt
index c57eff5..e012f06 100644
--- a/hellow_world.txt
+++ b/hellow_world.txt
@@ -1 +1,3 @@
-Hello World!
\ No newline at end of file
+Hello, World!
+こんにちは、世界!
+こんにちは, 世界！！
\ No newline at end of file
sasatakayuki@sasa-takayuki-MacBook-Pro git_challenge % 
